// Jest Snapshot v1, https://goo.gl/fbAQLP

exports[`Should render ExpenseList with expenses 1`] = `
<div>
  <ExpenseListItem
    amount={195}
    createdAt={0}
    description="Gum"
    id={0}
    key="0"
    note=""
  />
  <ExpenseListItem
    amount={109500}
    createdAt={-345600000}
    description="Rent"
    id={1}
    key="1"
    note=""
  />
  <ExpenseListItem
    amount={45000}
    createdAt={345600000}
    description="Credit cart"
    id={2}
    key="2"
    note=""
  />
</div>
`;

exports[`Should render ExpenseList with expenses 2`] = `
<div>
  <p>
    No expenses
  </p>
</div>
`;
