// Jest Snapshot v1, https://goo.gl/fbAQLP

exports[`Should render not found page 1`] = `<wrapper />`;
